<!DOCTYPE html>

<HTML>

<HEAD>
<TITLE>aexyel - Linux: resize FS</TITLE>
<meta http-equiv="Content-Type" content="text/html; charset=utf-8" /> 
<meta http-equiv="Content-Language" content="ru" />
<link rel="stylesheet" type="text/css" href="stylesheet.css">
<link rel="stylesheet" type="text/css" href="nav.css">
<meta name="viewport" content="width=device-width, initial-scale=1">
</HEAD>

<BODY>

<div class="navbar">
<h2 class="hidden">На сайте:</h2>
<ul>
  <li><a href="index.html">Главная</a></li>
  <li><a href="git.html">Git</a></li>
  <li><a href="docker.html">Docker</a></li>
  <li><a href="linux.html">Linux</a></li>
  <li><a href="freepbx.html">FreePBX</a></li>
</ul>
</div>

<hr />

<h1 id="linux">
Linux
</h1>

<ul>
  <li><a href="linux.html">Установка Linux</a>
  <li><a href="#resizefs">Увеличение размера диска</a>
</ul>

<h2 id="resizefs">Увеличение диска и файловой системы на ходу</h2>

<h3>1. Initial HDD|FS size</h3>

<pre>

/dev/mapper/var-var     30G  350M   28G   2% /var

# df -h
Filesystem             Size  Used Avail Use% Mounted on
udev                   7.8G     0  7.8G   0% /dev
tmpfs                  1.6G  720K  1.6G   1% /run
/dev/mapper/root-root   13G  1.7G   10G  15% /
tmpfs                  7.9G     0  7.9G   0% /dev/shm
tmpfs                  5.0M     0  5.0M   0% /run/lock
/dev/sda1              893M   98M  747M  12% /boot
/dev/mapper/var-var     30G  350M   28G   2% /var
tmpfs                  1.6G     0  1.6G   0% /run/user/0
tmpfs                  1.6G     0  1.6G   0% /run/user/1000

# lsblk /dev/sdb
NAME        MAJ:MIN RM SIZE RO TYPE MOUNTPOINTS
sdb           8:16   0  32G  0 disk
└─sdb1        8:17   0  32G  0 part
  └─var-var 254:1    0  32G  0 lvm  /var

# fdisk -l /dev/sdb
Disk /dev/sdb: 32 GiB, 34359738368 bytes, 67108864 sectors
Disk model: Virtual disk
Units: sectors of 1 * 512 = 512 bytes
Sector size (logical/physical): 512 bytes / 512 bytes
I/O size (minimum/optimal): 512 bytes / 512 bytes
Disklabel type: dos
Disk identifier: 0x66361d1c

Device     Boot Start      End  Sectors Size Id Type
/dev/sdb1        2048 67106815 67104768  32G 8e Linux LVM

# pvdisplay
  --- Physical volume ---
  PV Name               /dev/sdb1
  VG Name               var
  PV Size               <32.00 GiB / not usable 2.00 MiB
  Allocatable           yes (but full)
  PE Size               4.00 MiB
  Total PE              8191
  Free PE               0
  Allocated PE          8191
  PV UUID               bJB8J8-uUCY-IHTn-VXgq-VWb3-ZdEv-UMhvYc
</pre>

<h3>2. Resize HDD image - add +N GB</h3>

<p>
Средствами гипервизора увеличиваем размер диска.
</p>

<h3>3. Rescan HDD</h3>

<p>
Если ядро "не увидело", что размер диска стал больше, ему нужно дать команду на пересканирование.
</p>

<pre>

echo 1>/sys/class/block/sdb/device/rescan
OR
echo 1>/sys/class/scsi_device/X:X:X:X/device/block/device/rescan

</pre>

<h3>4. New HDD size</h3>

<pre>

# lsblk /dev/sdb
NAME        MAJ:MIN RM SIZE RO TYPE MOUNTPOINTS
sdb           8:16   0  48G  0 disk
└─sdb1        8:17   0  32G  0 part
  └─var-var 254:1    0  32G  0 lvm  /var

# fdisk -l /dev/sdb
Disk /dev/sdb: 48 GiB, 51539607552 bytes, 100663296 sectors
Disk model: Virtual disk
Units: sectors of 1 * 512 = 512 bytes
Sector size (logical/physical): 512 bytes / 512 bytes
I/O size (minimum/optimal): 512 bytes / 512 bytes
Disklabel type: dos
Disk identifier: 0x66361d1c

Device     Boot Start      End  Sectors Size Id Type
/dev/sdb1        2048 67106815 67104768  32G 8e Linux LVM

</pre>

<p>
Такое сообщение пропускаем и идём дальше:
</p>

<pre class="info info-yellow abstract">

# fdisk -l /dev/sda
GPT PMBR size mismatch (33554431 != 50331647) will be corrected by write.
The backup GPT table is not on the end of the device. This problem will be corrected by write.

</pre>

<h3>5. Recreate partition</h3>

<p>
Удачи тебе, товарищ!
</p>

<pre class="info info-red abstract">

# fdisk /dev/sdb

Welcome to fdisk (util-linux 2.38.1).
Changes will remain in memory only, until you decide to write them.
Be careful before using the write command.

This disk is currently in use - repartitioning is probably a bad idea.
It's recommended to umount all file systems, and swapoff all swap
partitions on this disk.

Command (m for help): d

Selected partition 1
Partition 1 has been deleted.

Command (m for help): n
Partition type
   p   primary (0 primary, 0 extended, 4 free)
   e   extended (container for logical partitions)
Select (default p): p
Partition number (1-4, default 1):
First sector (2048-100663295, default 2048):
Last sector, +/-sectors or +/-size{K,M,G,T,P} (2048-100663295, default 100663295):

Created a new partition 1 of type 'Linux' and of size 48 GiB.
Partition #1 contains a LVM2_member signature.

Do you want to remove the signature? [Y]es/[N]o: N

Command (m for help): t

Selected partition 1
Hex code or alias (type L to list all): 8e
Changed type of partition 'Linux' to 'Linux LVM'.

Command (m for help): p
Disk /dev/sdb: 48 GiB, 51539607552 bytes, 100663296 sectors
Disk model: Virtual disk
Units: sectors of 1 * 512 = 512 bytes
Sector size (logical/physical): 512 bytes / 512 bytes
I/O size (minimum/optimal): 512 bytes / 512 bytes
Disklabel type: dos
Disk identifier: 0x66361d1c

Device     Boot Start       End   Sectors Size Id Type
/dev/sdb1        2048 100663295 100661248  48G 8e Linux LVM

Command (m for help): w
The partition table has been altered.
Syncing disks.

</pre>

<p>
Всё перечисленное выше можно заменить ОДНОЙ командой:
</p>

<pre class="info info-green abstract">

# growpart /dev/sdb 1
CHANGED: partition=3 start=3674112 old: size=29878272 end=33552384 new: size=46657503 end=50331615

</pre>


<h3>6. Resize PV</h3>

<p>
Продолжение, для тех, у кого не дрогнула рука и он выжил.
</p>

<pre>

# pvresize /dev/sdb1
  Physical volume "/dev/sdb1" changed
  1 physical volume(s) resized or updated / 0 physical volume(s) not resized

# pvdisplay
  --- Physical volume ---
  PV Name               /dev/sdb1
  VG Name               var
  PV Size               <48.00 GiB / not usable 2.00 MiB
  Allocatable           yes
  PE Size               4.00 MiB
  Total PE              12287
  Free PE               4096
  Allocated PE          8191
  PV UUID               bJB8J8-uUCY-IHTn-VXgq-VWb3-ZdEv-UMhvYc

# vgdisplay
  --- Volume group ---
  VG Name               var
  System ID
  Format                lvm2
  Metadata Areas        1
  Metadata Sequence No  3
  VG Access             read/write
  VG Status             resizable
  MAX LV                0
  Cur LV                1
  Open LV               1
  Max PV                0
  Cur PV                1
  Act PV                1
  VG Size               <48.00 GiB
  PE Size               4.00 MiB
  Total PE              12287
  Alloc PE / Size       8191 / <32.00 GiB
  Free  PE / Size       4096 / 16.00 GiB
  VG UUID               cMEUyH-AClP-ra2Z-PpWf-jCHi-TcSv-xeteqZ

</pre>

<h3>7. Resize LV</h3>

<p>
Не забываем про опцию "--resizefs" !
</p>

<pre>

# lvresize --extents +100%FREE --resizefs /dev/var/var
  Size of logical volume var/var changed from <32.00 GiB (8191 extents) to <48.00 GiB (12287 extents).
  Logical volume var/var successfully resized.
resize2fs 1.47.0 (5-Feb-2023)
Filesystem at /dev/mapper/var-var is mounted on /var; on-line resizing required
old_desc_blocks = 4, new_desc_blocks = 6
The filesystem on /dev/mapper/var-var is now 12581888 (4k) blocks long.

</pre>

<h3>8. New FS size</h3>

<pre>

/dev/mapper/var-var     45G  350M   43G   1% /var

# df -h
Filesystem             Size  Used Avail Use% Mounted on
udev                   7.8G     0  7.8G   0% /dev
tmpfs                  1.6G  720K  1.6G   1% /run
/dev/mapper/root-root   13G  1.7G   10G  15% /
tmpfs                  7.9G     0  7.9G   0% /dev/shm
tmpfs                  5.0M     0  5.0M   0% /run/lock
/dev/sda1              893M   98M  747M  12% /boot
/dev/mapper/var-var     45G  350M   43G   1% /var
tmpfs                  1.6G     0  1.6G   0% /run/user/0
tmpfs                  1.6G     0  1.6G   0% /run/user/1000

# lsblk /dev/sdb
NAME        MAJ:MIN RM SIZE RO TYPE MOUNTPOINTS
sdb           8:16   0  48G  0 disk
└─sdb1        8:17   0  48G  0 part
  └─var-var 254:1    0  48G  0 lvm  /var

# fdisk -l /dev/sdb
Disk /dev/sdb: 48 GiB, 51539607552 bytes, 100663296 sectors
Disk model: Virtual disk
Units: sectors of 1 * 512 = 512 bytes
Sector size (logical/physical): 512 bytes / 512 bytes
I/O size (minimum/optimal): 512 bytes / 512 bytes
Disklabel type: dos
Disk identifier: 0x66361d1c

Device     Boot Start       End   Sectors Size Id Type
/dev/sdb1        2048 100663295 100661248  48G 8e Linux LVM

</pre>

<p>
Приветствую здесь тебя, бесстрашный камикадзе!
</p>

<small>
<hr>
[<a href="index.html">Главная</a>]
[<a href="#linux">Наверх</a>]
</small>

</BODY>

</HTML>
